---
http_interactions:
- request:
    method: get
    uri: https://www.ruby-lang.org/en/about/license.txt
    body:
      encoding: US-ASCII
      string: ''
    headers:
      User-Agent:
      - Faraday v2.14.0
      Accept-Encoding:
      - gzip;q=1.0,deflate;q=0.6,identity;q=0.3
      Accept:
      - "*/*"
  response:
    status:
      code: 200
      message: OK
    headers:
      Connection:
      - keep-alive
      Content-Length:
      - '2502'
      Server:
      - GitHub.com
      Content-Type:
      - text/plain; charset=utf-8
      Last-Modified:
      - Tue, 28 Oct 2025 04:56:13 GMT
      Access-Control-Allow-Origin:
      - "*"
      Etag:
      - W/"69004ced-9c6"
      Expires:
      - Tue, 04 Nov 2025 12:47:29 GMT
      Cache-Control:
      - max-age=600
      X-Proxy-Cache:
      - MISS
      X-Github-Request-Id:
      - 693F:3F657:E1CBA2:E4DC13:6909F389
      Accept-Ranges:
      - bytes
      Date:
      - Tue, 04 Nov 2025 15:23:51 GMT
      Via:
      - 1.1 varnish
      Age:
      - '65'
      X-Served-By:
      - cache-lis1490045-LIS
      X-Cache:
      - HIT
      X-Cache-Hits:
      - '1'
      X-Timer:
      - S1762269832.815147,VS0,VE1
      Vary:
      - Accept-Encoding
      X-Fastly-Request-Id:
      - 8a186e8707503b8d4908d8817ab067a7059989c3
    body:
      encoding: ASCII-8BIT
      string: "Ruby is copyrighted free software by Yukihiro Matsumoto <matz@netlab.jp>.\nYou
        can redistribute it and/or modify it under either the terms of the\n2-clause
        BSDL (see the file BSDL), or the conditions below:\n\n  1. You may make and
        give away verbatim copies of the source form of the\n     software without
        restriction, provided that you duplicate all of the\n     original copyright
        notices and associated disclaimers.\n\n  2. You may modify your copy of the
        software in any way, provided that\n     you do at least ONE of the following:\n\n
        \      a) place your modifications in the Public Domain or otherwise\n          make
        them Freely Available, such as by posting said\n\t  modifications to Usenet
        or an equivalent medium, or by allowing\n\t  the author to include your modifications
        in the software.\n\n       b) use the modified software only within your corporation
        or\n          organization.\n\n       c) give non-standard binaries non-standard
        names, with\n          instructions on where to get the original software
        distribution.\n\n       d) make other distribution arrangements with the author.\n\n
        \ 3. You may distribute the software in object code or binary form,\n     provided
        that you do at least ONE of the following:\n\n       a) distribute the binaries
        and library files of the software,\n\t  together with instructions (in the
        manual page or equivalent)\n\t  on where to get the original distribution.\n\n
        \      b) accompany the distribution with the machine-readable source of\n\t
        \ the software.\n\n       c) give non-standard binaries non-standard names,
        with\n          instructions on where to get the original software distribution.\n\n
        \      d) make other distribution arrangements with the author.\n\n  4. You
        may modify and include the part of the software into any other\n     software
        (possibly commercial).  But some files in the distribution\n     are not written
        by the author, so that they are not under these terms.\n\n     For the list
        of those files and their copying conditions, see the\n     file LEGAL.\n\n
        \ 5. The scripts and library files supplied as input to or produced as\n     output
        from the software do not automatically fall under the\n     copyright of the
        software, but belong to whomever generated them,\n     and may be sold commercially,
        and may be aggregated with this\n     software.\n\n  6. THIS SOFTWARE IS PROVIDED
        \"AS IS\" AND WITHOUT ANY EXPRESS OR\n     IMPLIED WARRANTIES, INCLUDING,
        WITHOUT LIMITATION, THE IMPLIED\n     WARRANTIES OF MERCHANTABILITY AND FITNESS
        FOR A PARTICULAR\n     PURPOSE.\n"
  recorded_at: Tue, 04 Nov 2025 15:23:51 GMT
- request:
    method: post
    uri: https://oauth2.googleapis.com/token
    body:
      encoding: ASCII-8BIT
      string: grant_type=refresh_token&refresh_token=<GOOGLE_REFRESH_TOKEN>&client_id=<GOOGLE_CLIENT_ID>&client_secret=<GOOGLE_CLIENT_SECRET>
    headers:
      User-Agent:
      - Faraday v2.14.0
      Content-Type:
      - application/x-www-form-urlencoded
      Accept-Encoding:
      - gzip;q=1.0,deflate;q=0.6,identity;q=0.3
      Accept:
      - "*/*"
  response:
    status:
      code: 200
      message: OK
    headers:
      Cache-Control:
      - no-cache, no-store, max-age=0, must-revalidate
      Date:
      - Tue, 04 Nov 2025 15:23:52 GMT
      Pragma:
      - no-cache
      Expires:
      - Mon, 01 Jan 1990 00:00:00 GMT
      Content-Type:
      - application/json; charset=utf-8
      Vary:
      - Origin
      - Referer
      - X-Origin
      Server:
      - scaffolding on HTTPServer2
      X-Xss-Protection:
      - '0'
      X-Frame-Options:
      - SAMEORIGIN
      X-Content-Type-Options:
      - nosniff
      Alt-Svc:
      - h3=":443"; ma=2592000,h3-29=":443"; ma=2592000
      Transfer-Encoding:
      - chunked
    body:
      encoding: ASCII-8BIT
      string: |-
        {
          "access_token": "<GOOGLE_ACCESS_TOKEN>",
          "expires_in": 3599,
          "scope": "https://www.googleapis.com/auth/sqlservice.login https://www.googleapis.com/auth/userinfo.email https://www.googleapis.com/auth/cloud-platform openid",
          "token_type": "Bearer",
          "id_token": "<GOOGLE_ID_TOKEN>"
        }
  recorded_at: Tue, 04 Nov 2025 15:23:52 GMT
- request:
    method: post
    uri: https://<GOOGLE_CLOUD_LOCATION>-aiplatform.googleapis.com/v1beta1/projects/<GOOGLE_CLOUD_PROJECT>/locations/<GOOGLE_CLOUD_LOCATION>/publishers/google/models/gemini-2.5-flash:generateContent
    body:
      encoding: UTF-8
      string: '{"contents":[{"role":"user","parts":[{"text":"What''s in this file?"},{"text":"<file
        name=''license.txt'' mime_type=''text/plain''>Ruby is copyrighted free software
        by Yukihiro Matsumoto <matz@netlab.jp>.\nYou can redistribute it and/or modify
        it under either the terms of the\n2-clause BSDL (see the file BSDL), or the
        conditions below:\n\n  1. You may make and give away verbatim copies of the
        source form of the\n     software without restriction, provided that you duplicate
        all of the\n     original copyright notices and associated disclaimers.\n\n  2.
        You may modify your copy of the software in any way, provided that\n     you
        do at least ONE of the following:\n\n       a) place your modifications in
        the Public Domain or otherwise\n          make them Freely Available, such
        as by posting said\n\t  modifications to Usenet or an equivalent medium, or
        by allowing\n\t  the author to include your modifications in the software.\n\n       b)
        use the modified software only within your corporation or\n          organization.\n\n       c)
        give non-standard binaries non-standard names, with\n          instructions
        on where to get the original software distribution.\n\n       d) make other
        distribution arrangements with the author.\n\n  3. You may distribute the
        software in object code or binary form,\n     provided that you do at least
        ONE of the following:\n\n       a) distribute the binaries and library files
        of the software,\n\t  together with instructions (in the manual page or equivalent)\n\t  on
        where to get the original distribution.\n\n       b) accompany the distribution
        with the machine-readable source of\n\t  the software.\n\n       c) give non-standard
        binaries non-standard names, with\n          instructions on where to get
        the original software distribution.\n\n       d) make other distribution arrangements
        with the author.\n\n  4. You may modify and include the part of the software
        into any other\n     software (possibly commercial).  But some files in the
        distribution\n     are not written by the author, so that they are not under
        these terms.\n\n     For the list of those files and their copying conditions,
        see the\n     file LEGAL.\n\n  5. The scripts and library files supplied as
        input to or produced as\n     output from the software do not automatically
        fall under the\n     copyright of the software, but belong to whomever generated
        them,\n     and may be sold commercially, and may be aggregated with this\n     software.\n\n  6.
        THIS SOFTWARE IS PROVIDED \"AS IS\" AND WITHOUT ANY EXPRESS OR\n     IMPLIED
        WARRANTIES, INCLUDING, WITHOUT LIMITATION, THE IMPLIED\n     WARRANTIES OF
        MERCHANTABILITY AND FITNESS FOR A PARTICULAR\n     PURPOSE.\n</file>"}]}],"generationConfig":{"temperature":0.7}}'
    headers:
      User-Agent:
      - Faraday v2.14.0
      Authorization:
      - Bearer <GOOGLE_BEARER_TOKEN>
      Content-Type:
      - application/json
      Accept-Encoding:
      - gzip;q=1.0,deflate;q=0.6,identity;q=0.3
      Accept:
      - "*/*"
  response:
    status:
      code: 200
      message: OK
    headers:
      Content-Type:
      - application/json; charset=UTF-8
      Vary:
      - Origin
      - Referer
      - X-Origin
      Date:
      - Tue, 04 Nov 2025 15:23:59 GMT
      Server:
      - scaffolding on HTTPServer2
      X-Xss-Protection:
      - '0'
      X-Frame-Options:
      - SAMEORIGIN
      X-Content-Type-Options:
      - nosniff
      Alt-Svc:
      - h3=":443"; ma=2592000,h3-29=":443"; ma=2592000
      Transfer-Encoding:
      - chunked
    body:
      encoding: ASCII-8BIT
      string: |
        {
          "candidates": [
            {
              "content": {
                "role": "model",
                "parts": [
                  {
                    "text": "This file contains the **license for the Ruby programming language**.\n\nHere's a summary of its key points:\n\n*   **Copyright:** Ruby is copyrighted free software by Yukihiro Matsumoto.\n*   **Licensing Options:** It can be redistributed and/or modified under either the 2-clause BSDL (BSD License) or the specific conditions detailed within this file.\n*   **Redistribution (Verbatim Copies):** You can make and give away exact copies as long as you keep all original copyright notices and disclaimers.\n*   **Modifications:** If you modify the software, you must do one of the following:\n    *   Place your modifications in the Public Domain or make them freely available.\n    *   Use the modified software only within your own organization.\n    *   Give non-standard binaries non-standard names and provide instructions on where to get the original.\n    *   Make other distribution arrangements with the author.\n*   **Distribution (Object Code/Binary):** If you distribute in object code or binary form, you must do one of the following:\n    *   Distribute with instructions on where to get the original source.\n    *   Accompany the distribution with the machine-readable source code.\n    *   Give non-standard binaries non-standard names and provide instructions on where to get the original.\n    *   Make other distribution arrangements with the author.\n*   **Inclusion in Other Software:** You can modify and include parts of Ruby in other software (including commercial), but note that some files in the Ruby distribution might have different licenses (refer to the `LEGAL` file).\n*   **Generated Files:** Scripts and library files produced by or used as input for the software do not automatically fall under this copyright and belong to whoever generated them.\n*   **No Warranty:** The software is provided \"AS IS\" without any express or implied warranties."
                  }
                ]
              },
              "finishReason": "STOP",
              "avgLogprobs": -0.27867076372859456
            }
          ],
          "usageMetadata": {
            "promptTokenCount": 564,
            "candidatesTokenCount": 396,
            "totalTokenCount": 1352,
            "trafficType": "ON_DEMAND",
            "promptTokensDetails": [
              {
                "modality": "TEXT",
                "tokenCount": 564
              }
            ],
            "candidatesTokensDetails": [
              {
                "modality": "TEXT",
                "tokenCount": 396
              }
            ],
            "thoughtsTokenCount": 392
          },
          "modelVersion": "gemini-2.5-flash",
          "createTime": "2025-11-04T15:23:52.954755Z",
          "responseId": "iBoKaYOjOqrvptQP-4KcuQ0"
        }
  recorded_at: Tue, 04 Nov 2025 15:23:59 GMT
recorded_with: VCR 6.3.1
